// Jest Snapshot v1, https://goo.gl/fbAQLP

exports[`investments should return investments for sto 1`] = `
Object {
  "investments": Object {
    "__typename": "InvestmentsConnection",
    "nodes": Array [],
    "totalCount": 0,
  },
}
`;
