// Jest Snapshot v1, https://goo.gl/fbAQLP

exports[`tickerExternalAgentHistory should return history of each external agent in ticker 1`] = `
Object {
  "tickerExternalAgentHistories": Object {
    "__typename": "TickerExternalAgentHistoriesConnection",
    "nodes": Array [],
  },
}
`;
